Searching File(s):  C:\WORKSPACE\NETBEANSPROJECTS\EPAMMSAPP\WEB\*.JSP
   for pattern:  './js/tinymce/jscripts/tiny_mce/tiny_mce.js'
   changed to:   './js/tinymce/js/tinymce/tinymce.min.js'



Number records searched:    103
Number records changed:     0
Number occurrences changed:  0


Number records searched:    140
Number records changed:     0
Number occurrences changed:  0


Number records searched:    753
Number records changed:     0
Number occurrences changed:  0


Number records searched:    812
Number records changed:     0
Number occurrences changed:  0


Number records searched:    504
Number records changed:     0
Number occurrences changed:  0


Number records searched:    658
Number records changed:     0
Number occurrences changed:  0


Number records searched:    571
Number records changed:     0
Number occurrences changed:  0


Number records searched:    1656
Number records changed:     0
Number occurrences changed:  0


Number records searched:    1656
Number records changed:     0
Number occurrences changed:  0


Number records searched:    2046
Number records changed:     0
Number occurrences changed:  0


Number records searched:    1656
Number records changed:     0
Number occurrences changed:  0


Number records searched:    1462
Number records changed:     0
Number occurrences changed:  0


Number records searched:    741
Number records changed:     0
Number occurrences changed:  0


Number records searched:    3057
Number records changed:     0
Number occurrences changed:  0


Number records searched:    1743
Number records changed:     0
Number occurrences changed:  0


Number records searched:    1462
Number records changed:     0
Number occurrences changed:  0


Number records searched:    741
Number records changed:     0
Number occurrences changed:  0


Number records searched:    1500
Number records changed:     0
Number occurrences changed:  0


Number records searched:    659
Number records changed:     0
Number occurrences changed:  0


Number records searched:    1970
Number records changed:     0
Number occurrences changed:  0


Number records searched:    1970
Number records changed:     0
Number occurrences changed:  0


Number records searched:    915
Number records changed:     0
Number occurrences changed:  0


Number records searched:    1376
Number records changed:     0
Number occurrences changed:  0


Number records searched:    709
Number records changed:     0
Number occurrences changed:  0


Number records searched:    841
Number records changed:     0
Number occurrences changed:  0


Number records searched:    1356
Number records changed:     0
Number occurrences changed:  0


Number records searched:    1356
Number records changed:     0
Number occurrences changed:  0


Number records searched:    686
Number records changed:     0
Number occurrences changed:  0


Number records searched:    1292
Number records changed:     0
Number occurrences changed:  0


Number records searched:    1398
Number records changed:     0
Number occurrences changed:  0


Number records searched:    1392
Number records changed:     0
Number occurrences changed:  0


Number records searched:    1355
Number records changed:     0
Number occurrences changed:  0


Number records searched:    1392
Number records changed:     0
Number occurrences changed:  0


Number records searched:    1591
Number records changed:     0
Number occurrences changed:  0


Number records searched:    1356
Number records changed:     0
Number occurrences changed:  0


Number records searched:    1299
Number records changed:     0
Number occurrences changed:  0


Number records searched:    717
Number records changed:     0
Number occurrences changed:  0


Number records searched:    847
Number records changed:     0
Number occurrences changed:  0


Number records searched:    1392
Number records changed:     0
Number occurrences changed:  0


Number records searched:    1942
Number records changed:     0
Number occurrences changed:  0


Number records searched:    1382
Number records changed:     0
Number occurrences changed:  0


Number records searched:    1355
Number records changed:     0
Number occurrences changed:  0


Number records searched:    717
Number records changed:     0
Number occurrences changed:  0


Number records searched:    1961
Number records changed:     0
Number occurrences changed:  0


Number records searched:    753
Number records changed:     0
Number occurrences changed:  0


Number records searched:    1031
Number records changed:     0
Number occurrences changed:  0


Number records searched:    683
Number records changed:     0
Number occurrences changed:  0


Number records searched:    1468
Number records changed:     0
Number occurrences changed:  0


Number records searched:    1261
Number records changed:     0
Number occurrences changed:  0


Number records searched:    934
Number records changed:     0
Number occurrences changed:  0


Number records searched:    1233
Number records changed:     0
Number occurrences changed:  0


Number records searched:    1309
Number records changed:     0
Number occurrences changed:  0


Number records searched:    3232
Number records changed:     0
Number occurrences changed:  0


Number records searched:    1597
Number records changed:     0
Number occurrences changed:  0


Number records searched:    718
Number records changed:     0
Number occurrences changed:  0


Number records searched:    2847
Number records changed:     0
Number occurrences changed:  0


Number records searched:    2113
Number records changed:     0
Number occurrences changed:  0


Number records searched:    1597
Number records changed:     0
Number occurrences changed:  0


Number records searched:    718
Number records changed:     0
Number occurrences changed:  0


Number records searched:    1433
Number records changed:     0
Number occurrences changed:  0


Number records searched:    1993
Number records changed:     0
Number occurrences changed:  0


Number records searched:    1757
Number records changed:     0
Number occurrences changed:  0


Number records searched:    963
Number records changed:     0
Number occurrences changed:  0


Number records searched:    908
Number records changed:     0
Number occurrences changed:  0


Number records searched:    1845
Number records changed:     0
Number occurrences changed:  0


Number records searched:    1846
Number records changed:     0
Number occurrences changed:  0


Number records searched:    1846
Number records changed:     0
Number occurrences changed:  0


Number records searched:    1846
Number records changed:     0
Number occurrences changed:  0


Number records searched:    1468
Number records changed:     0
Number occurrences changed:  0


Number records searched:    1049
Number records changed:     0
Number occurrences changed:  0


Number records searched:    1309
Number records changed:     0
Number occurrences changed:  0


Number records searched:    931
Number records changed:     0
Number occurrences changed:  0


Number records searched:    1181
Number records changed:     0
Number occurrences changed:  0


Number records searched:    1471
Number records changed:     0
Number occurrences changed:  0


Number records searched:    1796
Number records changed:     0
Number occurrences changed:  0


Number records searched:    1478
Number records changed:     0
Number occurrences changed:  0


Number records searched:    978
Number records changed:     0
Number occurrences changed:  0


Number records searched:    3083
Number records changed:     0
Number occurrences changed:  0


Number records searched:    1667
Number records changed:     0
Number occurrences changed:  0


Number records searched:    718
Number records changed:     0
Number occurrences changed:  0


Number records searched:    1211
Number records changed:     0
Number occurrences changed:  0


Number records searched:    1493
Number records changed:     0
Number occurrences changed:  0


Number records searched:    1418
Number records changed:     0
Number occurrences changed:  0


Number records searched:    887
Number records changed:     0
Number occurrences changed:  0


Number records searched:    1462
Number records changed:     0
Number occurrences changed:  0


Number records searched:    741
Number records changed:     0
Number occurrences changed:  0


Number records searched:    1467
Number records changed:     0
Number occurrences changed:  0


Number records searched:    970
Number records changed:     0
Number occurrences changed:  0


Number records searched:    2220
Number records changed:     0
Number occurrences changed:  0


Number records searched:    1464
Number records changed:     0
Number occurrences changed:  0


Number records searched:    1295
Number records changed:     0
Number occurrences changed:  0


Number records searched:    1291
Number records changed:     0
Number occurrences changed:  0


Number records searched:    1267
Number records changed:     0
Number occurrences changed:  0

   764 <script language="JavaScript" type="text/javascript" src="./js/tinymce/jscripts/tiny_mce/tiny_mce.js"></script>
CHG=> <script language="JavaScript" type="text/javascript" src="./js/tinymce/js/tinymce/tinymce.min.js"></script>

Number records searched:    1082
Number records changed:     1
Number occurrences changed:  1


Number records searched:    1449
Number records changed:     0
Number occurrences changed:  0


Number records searched:    1488
Number records changed:     0
Number occurrences changed:  0


Number records searched:    1186
Number records changed:     0
Number occurrences changed:  0


Number records searched:    1226
Number records changed:     0
Number occurrences changed:  0


Number records searched:    1536
Number records changed:     0
Number occurrences changed:  0


Number records searched:    1905
Number records changed:     0
Number occurrences changed:  0


Number records searched:    1649
Number records changed:     0
Number occurrences changed:  0


Number records searched:    1246
Number records changed:     0
Number occurrences changed:  0


Number records searched:    1292
Number records changed:     0
Number occurrences changed:  0


Number records searched:    1292
Number records changed:     0
Number occurrences changed:  0


Number records searched:    1314
Number records changed:     0
Number occurrences changed:  0


Number records searched:    1127
Number records changed:     0
Number occurrences changed:  0


Number records searched:    856
Number records changed:     0
Number occurrences changed:  0


Number records searched:    985
Number records changed:     0
Number occurrences changed:  0


Number records searched:    1394
Number records changed:     0
Number occurrences changed:  0


Number records searched:    1394
Number records changed:     0
Number occurrences changed:  0


Number records searched:    1578
Number records changed:     0
Number occurrences changed:  0


Number records searched:    1436
Number records changed:     0
Number occurrences changed:  0


Number records searched:    1386
Number records changed:     0
Number occurrences changed:  0


Number records searched:    897
Number records changed:     0
Number occurrences changed:  0


Number records searched:    1017
Number records changed:     0
Number occurrences changed:  0


Number records searched:    985
Number records changed:     0
Number occurrences changed:  0


Number records searched:    1308
Number records changed:     0
Number occurrences changed:  0


Number records searched:    1464
Number records changed:     0
Number occurrences changed:  0


Number records searched:    1126
Number records changed:     0
Number occurrences changed:  0


Number records searched:    1275
Number records changed:     0
Number occurrences changed:  0


Number records searched:    1292
Number records changed:     0
Number occurrences changed:  0


Number records searched:    1043
Number records changed:     0
Number occurrences changed:  0


Number records searched:    1458
Number records changed:     0
Number occurrences changed:  0


Number records searched:    2711
Number records changed:     0
Number occurrences changed:  0

  1143 <script language="JavaScript" type="text/javascript" src="./js/tinymce/jscripts/tiny_mce/tiny_mce.js"></script>
CHG=> <script language="JavaScript" type="text/javascript" src="./js/tinymce/js/tinymce/tinymce.min.js"></script>

Number records searched:    1433
Number records changed:     1
Number occurrences changed:  1


Number records searched:    2711
Number records changed:     0
Number occurrences changed:  0

  1143 <script language="JavaScript" type="text/javascript" src="./js/tinymce/jscripts/tiny_mce/tiny_mce.js"></script>
CHG=> <script language="JavaScript" type="text/javascript" src="./js/tinymce/js/tinymce/tinymce.min.js"></script>

Number records searched:    1433
Number records changed:     1
Number occurrences changed:  1


Number records searched:    1627
Number records changed:     0
Number occurrences changed:  0


Number records searched:    1446
Number records changed:     0
Number occurrences changed:  0


Number records searched:    1426
Number records changed:     0
Number occurrences changed:  0


Number records searched:    1426
Number records changed:     0
Number occurrences changed:  0


Number records searched:    1980
Number records changed:     0
Number occurrences changed:  0


Number records searched:    1468
Number records changed:     0
Number occurrences changed:  0


Number records searched:    1468
Number records changed:     0
Number occurrences changed:  0


Number records searched:    1468
Number records changed:     0
Number occurrences changed:  0


Number records searched:    1651
Number records changed:     0
Number occurrences changed:  0


Number records searched:    648
Number records changed:     0
Number occurrences changed:  0


Number records searched:    2016
Number records changed:     0
Number occurrences changed:  0


Number records searched:    1468
Number records changed:     0
Number occurrences changed:  0


Number records searched:    1715
Number records changed:     0
Number occurrences changed:  0


Number records searched:    1468
Number records changed:     0
Number occurrences changed:  0


Number records searched:    2016
Number records changed:     0
Number occurrences changed:  0


Number records searched:    1458
Number records changed:     0
Number occurrences changed:  0


Number records searched:    1804
Number records changed:     0
Number occurrences changed:  0


Number records searched:    685
Number records changed:     0
Number occurrences changed:  0


Number records searched:    648
Number records changed:     0
Number occurrences changed:  0


Number records searched:    1426
Number records changed:     0
Number occurrences changed:  0


Number records searched:    2727
Number records changed:     0
Number occurrences changed:  0


Number records searched:    3629
Number records changed:     0
Number occurrences changed:  0

  1181 <script language="JavaScript" type="text/javascript" src="./js/tinymce/jscripts/tiny_mce/tiny_mce.js"></script>
CHG=> <script language="JavaScript" type="text/javascript" src="./js/tinymce/js/tinymce/tinymce.min.js"></script>

Number records searched:    1676
Number records changed:     1
Number occurrences changed:  1


Number records searched:    1392
Number records changed:     0
Number occurrences changed:  0


Number records searched:    2766
Number records changed:     0
Number occurrences changed:  0

  1081 <script language="JavaScript" type="text/javascript" src="./js/tinymce/jscripts/tiny_mce/tiny_mce.js"></script>
CHG=> <script language="JavaScript" type="text/javascript" src="./js/tinymce/js/tinymce/tinymce.min.js"></script>

Number records searched:    1408
Number records changed:     1
Number occurrences changed:  1


Number records searched:    743
Number records changed:     0
Number occurrences changed:  0


Number records searched:    1196
Number records changed:     0
Number occurrences changed:  0


Number records searched:    2574
Number records changed:     0
Number occurrences changed:  0


Number records searched:    1905
Number records changed:     0
Number occurrences changed:  0

  1081 <script language="JavaScript" type="text/javascript" src="./js/tinymce/jscripts/tiny_mce/tiny_mce.js"></script>
CHG=> <script language="JavaScript" type="text/javascript" src="./js/tinymce/js/tinymce/tinymce.min.js"></script>

Number records searched:    1408
Number records changed:     1
Number occurrences changed:  1


Number records searched:    2357
Number records changed:     0
Number occurrences changed:  0


Number records searched:    2821
Number records changed:     0
Number occurrences changed:  0


Number records searched:    1769
Number records changed:     0
Number occurrences changed:  0


Number records searched:    1839
Number records changed:     0
Number occurrences changed:  0


Number records searched:    656
Number records changed:     0
Number occurrences changed:  0


Number records searched:    2711
Number records changed:     0
Number occurrences changed:  0


Number records searched:    3629
Number records changed:     0
Number occurrences changed:  0

  1143 <script language="JavaScript" type="text/javascript" src="./js/tinymce/jscripts/tiny_mce/tiny_mce.js"></script>
CHG=> <script language="JavaScript" type="text/javascript" src="./js/tinymce/js/tinymce/tinymce.min.js"></script>

Number records searched:    1470
Number records changed:     1
Number occurrences changed:  1


Number records searched:    1392
Number records changed:     0
Number occurrences changed:  0


Number records searched:    1412
Number records changed:     0
Number occurrences changed:  0


Number records searched:    1768
Number records changed:     0
Number occurrences changed:  0


Number records searched:    759
Number records changed:     0
Number occurrences changed:  0


Number records searched:    759
Number records changed:     0
Number occurrences changed:  0


Number records searched:    2711
Number records changed:     0
Number occurrences changed:  0

  1156 <script language="JavaScript" type="text/javascript" src="./js/tinymce/jscripts/tiny_mce/tiny_mce.js"></script>
CHG=> <script language="JavaScript" type="text/javascript" src="./js/tinymce/js/tinymce/tinymce.min.js"></script>

Number records searched:    1446
Number records changed:     1
Number occurrences changed:  1


Number records searched:    2807
Number records changed:     0
Number occurrences changed:  0

  1081 <script language="JavaScript" type="text/javascript" src="./js/tinymce/jscripts/tiny_mce/tiny_mce.js"></script>
CHG=> <script language="JavaScript" type="text/javascript" src="./js/tinymce/js/tinymce/tinymce.min.js"></script>

Number records searched:    1408
Number records changed:     1
Number occurrences changed:  1


Number records searched:    1582
Number records changed:     0
Number occurrences changed:  0


Number records searched:    725
Number records changed:     0
Number occurrences changed:  0


Number records searched:    1413
Number records changed:     0
Number occurrences changed:  0


Number records searched:    1097
Number records changed:     0
Number occurrences changed:  0


Number records searched:    1579
Number records changed:     0
Number occurrences changed:  0


Number records searched:    743
Number records changed:     0
Number occurrences changed:  0


Number records searched:    1937
Number records changed:     0
Number occurrences changed:  0


Number records searched:    752
Number records changed:     0
Number occurrences changed:  0


Number records searched:    2023
Number records changed:     0
Number occurrences changed:  0


Number records searched:    1147
Number records changed:     0
Number occurrences changed:  0


Number records searched:    1481
Number records changed:     0
Number occurrences changed:  0


Number records searched:    1406
Number records changed:     0
Number occurrences changed:  0


Number records searched:    1103
Number records changed:     0
Number occurrences changed:  0


Number records searched:    1958
Number records changed:     0
Number occurrences changed:  0


Number records searched:    1900
Number records changed:     0
Number occurrences changed:  0


Number records searched:    2670
Number records changed:     0
Number occurrences changed:  0


Number records searched:    2042
Number records changed:     0
Number occurrences changed:  0

  1181 <script language="JavaScript" type="text/javascript" src="./js/tinymce/jscripts/tiny_mce/tiny_mce.js"></script>
CHG=> <script language="JavaScript" type="text/javascript" src="./js/tinymce/js/tinymce/tinymce.min.js"></script>

Number records searched:    1627
Number records changed:     1
Number occurrences changed:  1


Number records searched:    1247
Number records changed:     0
Number occurrences changed:  0


Number records searched:    1183
Number records changed:     0
Number occurrences changed:  0


Number records searched:    1593
Number records changed:     0
Number occurrences changed:  0


Number records searched:    2681
Number records changed:     0
Number occurrences changed:  0

  1202 <script language="JavaScript" type="text/javascript" src="./js/tinymce/jscripts/tiny_mce/tiny_mce.js"></script>
CHG=> <script language="JavaScript" type="text/javascript" src="./js/tinymce/js/tinymce/tinymce.min.js"></script>

Number records searched:    1492
Number records changed:     1
Number occurrences changed:  1


Number records searched:    1568
Number records changed:     0
Number occurrences changed:  0


Number records searched:    1548
Number records changed:     0
Number occurrences changed:  0


Number records searched:    1548
Number records changed:     0
Number occurrences changed:  0


Number records searched:    1379
Number records changed:     0
Number occurrences changed:  0


Number records searched:    2668
Number records changed:     0
Number occurrences changed:  0


Number records searched:    2974
Number records changed:     0
Number occurrences changed:  0


Number records searched:    704
Number records changed:     0
Number occurrences changed:  0


Number records searched:    695
Number records changed:     0
Number occurrences changed:  0


Number records searched:    654
Number records changed:     0
Number occurrences changed:  0


Number records searched:    718
Number records changed:     0
Number occurrences changed:  0


Number records searched:    1032
Number records changed:     0
Number occurrences changed:  0


Number records searched:    764
Number records changed:     0
Number occurrences changed:  0


Number records searched:    822
Number records changed:     0
Number occurrences changed:  0


Number records searched:    1150
Number records changed:     0
Number occurrences changed:  0


Number records searched:    1059
Number records changed:     0
Number occurrences changed:  0


Number records searched:    1191
Number records changed:     0
Number occurrences changed:  0


Number records searched:    1059
Number records changed:     0
Number occurrences changed:  0


Number records searched:    1197
Number records changed:     0
Number occurrences changed:  0


Number records searched:    1240
Number records changed:     0
Number occurrences changed:  0


Number records searched:    1557
Number records changed:     0
Number occurrences changed:  0


Number records searched:    1223
Number records changed:     0
Number occurrences changed:  0


Number records searched:    1303
Number records changed:     0
Number occurrences changed:  0


Number records searched:    3130
Number records changed:     0
Number occurrences changed:  0


Number records searched:    2275
Number records changed:     0
Number occurrences changed:  0


Number records searched:    2951
Number records changed:     0
Number occurrences changed:  0


Number records searched:    2335
Number records changed:     0
Number occurrences changed:  0


Number records searched:    1723
Number records changed:     0
Number occurrences changed:  0


Number records searched:    1102
Number records changed:     0
Number occurrences changed:  0


Number records searched:    2982
Number records changed:     0
Number occurrences changed:  0


Number records searched:    3075
Number records changed:     0
Number occurrences changed:  0


Number records searched:    2249
Number records changed:     0
Number occurrences changed:  0


Number records searched:    2897
Number records changed:     0
Number occurrences changed:  0


Number records searched:    2234
Number records changed:     0
Number occurrences changed:  0


Number records searched:    1283
Number records changed:     0
Number occurrences changed:  0


Number records searched:    1331
Number records changed:     0
Number occurrences changed:  0


Number records searched:    1272
Number records changed:     0
Number occurrences changed:  0


Number records searched:    1327
Number records changed:     0
Number occurrences changed:  0


Number records searched:    1092
Number records changed:     0
Number occurrences changed:  0


Number records searched:    1242
Number records changed:     0
Number occurrences changed:  0


Number records searched:    899
Number records changed:     0
Number occurrences changed:  0


Number records searched:    1324
Number records changed:     0
Number occurrences changed:  0


Number records searched:    1027
Number records changed:     0
Number occurrences changed:  0


Number records searched:    873
Number records changed:     0
Number occurrences changed:  0


Number records searched:    1100
Number records changed:     0
Number occurrences changed:  0


Number records searched:    912
Number records changed:     0
Number occurrences changed:  0


Number records searched:    989
Number records changed:     0
Number occurrences changed:  0


Number records searched:    1360
Number records changed:     0
Number occurrences changed:  0


Number records searched:    1060
Number records changed:     0
Number occurrences changed:  0


Number records searched:    1066
Number records changed:     0
Number occurrences changed:  0


Number records searched:    1021
Number records changed:     0
Number occurrences changed:  0


Number records searched:    1658
Number records changed:     0
Number occurrences changed:  0


Number records searched:    1764
Number records changed:     0
Number occurrences changed:  0


Number records searched:    2308
Number records changed:     0
Number occurrences changed:  0


Number records searched:    2309
Number records changed:     0
Number occurrences changed:  0


Number records searched:    1234
Number records changed:     0
Number occurrences changed:  0


Number records searched:    1570
Number records changed:     0
Number occurrences changed:  0


Number records searched:    1261
Number records changed:     0
Number occurrences changed:  0


Number records searched:    2699
Number records changed:     0
Number occurrences changed:  0


Number records searched:    1638
Number records changed:     0
Number occurrences changed:  0


Number records searched:    1756
Number records changed:     0
Number occurrences changed:  0


Number records searched:    2166
Number records changed:     0
Number occurrences changed:  0


Number records searched:    1033
Number records changed:     0
Number occurrences changed:  0


Number records searched:    1013
Number records changed:     0
Number occurrences changed:  0


Number records searched:    922
Number records changed:     0
Number occurrences changed:  0


Number records searched:    714
Number records changed:     0
Number occurrences changed:  0


Number records searched:    1204
Number records changed:     0
Number occurrences changed:  0


Number records searched:    1204
Number records changed:     0
Number occurrences changed:  0


Number records searched:    1204
Number records changed:     0
Number occurrences changed:  0


Number records searched:    1204
Number records changed:     0
Number occurrences changed:  0


Number records searched:    1204
Number records changed:     0
Number occurrences changed:  0


Number records searched:    1204
Number records changed:     0
Number occurrences changed:  0


Number records searched:    928
Number records changed:     0
Number occurrences changed:  0

   587 <script language="JavaScript" type="text/javascript" src="./js/tinymce/jscripts/tiny_mce/tiny_mce.js"></script>
CHG=> <script language="JavaScript" type="text/javascript" src="./js/tinymce/js/tinymce/tinymce.min.js"></script>

Number records searched:    999
Number records changed:     1
Number occurrences changed:  1


Number records searched:    900
Number records changed:     0
Number occurrences changed:  0


Number records searched:    726
Number records changed:     0
Number occurrences changed:  0


Number records searched:    910
Number records changed:     0
Number occurrences changed:  0


Number records searched:    771
Number records changed:     0
Number occurrences changed:  0


Number records searched:    921
Number records changed:     0
Number occurrences changed:  0


Number records searched:    975
Number records changed:     0
Number occurrences changed:  0


Number records searched:    973
Number records changed:     0
Number occurrences changed:  0


Number records searched:    940
Number records changed:     0
Number occurrences changed:  0


Number records searched:    729
Number records changed:     0
Number occurrences changed:  0


Number records searched:    1535
Number records changed:     0
Number occurrences changed:  0


Number records searched:    582
Number records changed:     0
Number occurrences changed:  0


Number records searched:    1476
Number records changed:     0
Number occurrences changed:  0


Number records searched:    1474
Number records changed:     0
Number occurrences changed:  0


Number records searched:    1517
Number records changed:     0
Number occurrences changed:  0


Number records searched:    1475
Number records changed:     0
Number occurrences changed:  0


Number records searched:    1475
Number records changed:     0
Number occurrences changed:  0

  1043 <script language="JavaScript" type="text/javascript" src="./js/tinymce/jscripts/tiny_mce/tiny_mce.js"></script>
CHG=> <script language="JavaScript" type="text/javascript" src="./js/tinymce/js/tinymce/tinymce.min.js"></script>

Number records searched:    1515
Number records changed:     1
Number occurrences changed:  1


Number records searched:    900
Number records changed:     0
Number occurrences changed:  0


Number records searched:    1474
Number records changed:     0
Number occurrences changed:  0


Number records searched:    829
Number records changed:     0
Number occurrences changed:  0


Number records searched:    1085
Number records changed:     0
Number occurrences changed:  0


Number records searched:    615
Number records changed:     0
Number occurrences changed:  0
Number of files searched: 13
Total records searched:   420715
Total records changed:     13
Total occurrences changed: 13
